program
  declarationList
    declaration
      variableDeclaration
        type
    declaration
      variableDeclaration
        type
    declaration
      arrayDeclaration
        type
    declaration
      functionDefinition
        type
        parameterList
        statementBlock
          statementList
            statement
              assignmentStatement
                designator
                expression0
                  expression1
                    expression2
                      expression3
                        literal
            statement
              assignmentStatement
                designator
                expression0
                  expression1
                    expression2
                      expression3
                        literal
            statement
              assignmentStatement
                designator
                  expression0
                    expression1
                      expression2
                        expression3
                          literal
                expression0
                  expression1
                    expression2
                      expression3
                        literal
