program
  declarationList
    declaration
      functionDefinition
        type
        parameterList
          parameter
            type
        statementBlock
          statementList
            statement
              ifStatement
                expression0
                  expression1
                    expression2
                      expression3
                        expression0
                          expression1
                            expression2
                              expression3
                                literal
                statementBlock
                  statementList
                    statement
                      ifStatement
                        expression0
                          expression1
                            expression2
                              expression3
                                expression0
                                  expression1
                                    expression2
                                      expression3
                                        literal
                        statementBlock
                          statementList
                            statement
                              assignmentStatement
                                designator
                                expression0
                                  expression1
                                    expression2
                                      expression3
                                        literal
                        statementBlock
                          statementList
                            statement
                              loopStatement
                                statementBlock
                                  statementList
                                    statement
                                      returnStatement
                                        expression0
                                          expression1
                                            expression2
                                              expression3
                                                designator
                    statement
                      returnStatement
                        expression0
                          expression1
                            expression2
                              expression3
                                literal
                statementBlock
                  statementList
                    statement
                      returnStatement
                        expression0
                          expression1
                            expression2
                              expression3
                                designator
    declaration
      functionDefinition
        type
        parameterList
        statementBlock
          statementList
            statement
              callStatement
                callExpression
                  expressionList
                    expression0
                      expression1
                        expression2
                          expression3
                            literal
            statement
              callStatement
                callExpression
                  expressionList
                    expression0
                      expression1
                        expression2
                          expression3
                            callExpression
                              expressionList
                                expression0
                                  expression1
                                    expression2
                                      expression3
                                        literal
