program
  declarationList
    declaration
      functionDefinition
        type
        parameterList
        statementBlock
          statementList
            statement
              returnStatement
                expression0
                  expression1
                    expression2
                      expression3
                        callExpression
                          expressionList
    declaration
      functionDefinition
        type
        parameterList
        statementBlock
          statementList
            statement
              callStatement
                callExpression
                  expressionList
                    expression0
                      expression1
                        expression2
                          expression3
                            callExpression
                              expressionList
