program
  declarationList
    declaration
      variableDeclaration
        type
    declaration
      functionDefinition
        type
        parameterList
        statementBlock
          statementList
            statement
              assignmentStatement
                designator
                expression0
                  expression1
                    expression2
                      expression3
                        literal
            statement
              loopStatement
                statementBlock
                  statementList
                    statement
                      ifStatement
                        expression0
                          expression1
                            expression2
                              expression3
                                expression0
                                  expression1
                                    expression2
                                      expression3
                                        designator
                                  op0
                                  expression1
                                    expression2
                                      expression3
                                        literal
                        statementBlock
                          statementList
                            statement
                              breakStatement
                    statement
                      callStatement
                        callExpression
                          expressionList
                            expression0
                              expression1
                                expression2
                                  expression3
                                    designator
                    statement
                      callStatement
                        callExpression
                          expressionList
                    statement
                      assignmentStatement
                        designator
                        expression0
                          expression1
                            expression1
                              expression2
                                expression3
                                  designator
                            op1
                            expression2
                              expression3
                                literal
            statement
              callStatement
                callExpression
                  expressionList
                    expression0
                      expression1
                        expression1
                          expression2
                            expression3
                              literal
                        op1
                        expression2
                          expression3
                            literal
            statement
              callStatement
                callExpression
                  expressionList
                    expression0
                      expression1
                        expression2
                          expression3
                            designator
