program
  declarationList
    declaration
      functionDefinition
        type
        parameterList
          parameter
            type
        statementBlock
          statementList
            statement
              callStatement
                callExpression
                  expressionList
                    expression0
                      expression1
                        expression2
                          expression3
                            designator
    declaration
      functionDefinition
        type
        parameterList
        statementBlock
          statementList
            statement
              callStatement
                callExpression
                  expressionList
                    expression0
                      expression1
                        expression2
                          expression3
                            literal
