program
  declarationList
    declaration
      functionDefinition
        type
        parameterList
        statementBlock
          statementList
            statement
              callStatement
                callExpression
                  expressionList
                    expression0
                      expression1
                        expression2
                          expression3
                            literal
            statement
              callStatement
                callExpression
                  expressionList
            statement
              returnStatement
                expression0
                  expression1
                    expression2
                      expression3
                        literal
    declaration
      functionDefinition
        type
        parameterList
        statementBlock
          statementList
            statement
              callStatement
                callExpression
                  expressionList
                    expression0
                      expression1
                        expression2
                          expression3
                            literal
            statement
              callStatement
                callExpression
                  expressionList
            statement
              returnStatement
                expression0
                  expression1
                    expression2
                      expression3
                        literal
    declaration
      functionDefinition
        type
        parameterList
        statementBlock
          statementList
            statement
              callStatement
                callExpression
                  expressionList
                    expression0
                      expression1
                        expression1
                          expression2
                            expression3
                              callExpression
                                expressionList
                        op1
                        expression2
                          expression3
                            callExpression
                              expressionList
            statement
              callStatement
                callExpression
                  expressionList
            statement
              callStatement
                callExpression
                  expressionList
                    expression0
                      expression1
                        expression1
                          expression2
                            expression3
                              callExpression
                                expressionList
                        op1
                        expression2
                          expression3
                            callExpression
                              expressionList
            statement
              callStatement
                callExpression
                  expressionList
            statement
              callStatement
                callExpression
                  expressionList
                    expression0
                      expression1
                        expression1
                          expression2
                            expression3
                              callExpression
                                expressionList
                        op1
                        expression2
                          expression3
                            callExpression
                              expressionList
            statement
              callStatement
                callExpression
                  expressionList
            statement
              callStatement
                callExpression
                  expressionList
                    expression0
                      expression1
                        expression1
                          expression2
                            expression3
                              callExpression
                                expressionList
                        op1
                        expression2
                          expression3
                            callExpression
                              expressionList
            statement
              callStatement
                callExpression
                  expressionList
