program
  declarationList
    declaration
      variableDeclaration
        type
    declaration
      functionDefinition
        type
        parameterList
        statementBlock
          statementList
            statement
              assignmentStatement
                designator
                expression0
                  expression1
                    expression2
                      expression3
                        literal
            statement
              variableDeclaration
                type
            statement
              assignmentStatement
                designator
                expression0
                  expression1
                    expression2
                      expression3
                        literal
            statement
              callStatement
                callExpression
                  expressionList
                    expression0
                      expression1
                        expression2
                          expression3
                            designator
