ast.DeclarationList(3)
  ast.ArrayDeclaration(3)[Symbol(x)]
  ast.FunctionDefinition(5)[Symbol(main), []]
    ast.StatementList(6)
      ast.VariableDeclaration(6)[Symbol(canary_begin)]
      ast.VariableDeclaration(7)[Symbol(canary_end)]
      ast.VariableDeclaration(8)[Symbol(outer)]
      ast.VariableDeclaration(9)[Symbol(inner)]
      ast.Assignment(10)
        ast.Name(10)[canary_begin]
        ast.LiteralInt(10)[0]
      ast.Assignment(11)
        ast.Name(11)[canary_end]
        ast.LiteralInt(11)[0]
      ast.Assignment(13)
        ast.Name(13)[outer]
        ast.LiteralInt(13)[4]
      ast.Assignment(14)
        ast.Name(14)[inner]
        ast.LiteralInt(14)[2]
      ast.Loop(15)
        ast.StatementList(16)
          ast.IfElseBranch(16)
            ast.OpExpr(16)[LT]
              ast.Dereference(16)
                ast.Name(16)[outer]
              ast.LiteralInt(16)[0]
            ast.StatementList(17)
              ast.Break(17)
            ast.StatementList(16)
          ast.Loop(19)
            ast.StatementList(20)
              ast.IfElseBranch(20)
                ast.OpExpr(20)[LT]
                  ast.Dereference(20)
                    ast.Name(20)[inner]
                  ast.LiteralInt(20)[0]
                ast.StatementList(21)
                  ast.Break(21)
                ast.StatementList(20)
              ast.Assignment(23)
                ast.ArrayAccess(23)
                  ast.Name(23)[x]
                  ast.Dereference(23)
                    ast.Name(23)[outer]
                ast.OpExpr(23)[ADD]
                  ast.OpExpr(23)[ADD]
                    ast.OpExpr(23)[MULT]
                      ast.Dereference(23)
                        ast.Name(23)[inner]
                      ast.LiteralInt(23)[1000]
                    ast.OpExpr(23)[MULT]
                      ast.Dereference(23)
                        ast.Name(23)[outer]
                      ast.LiteralInt(23)[100]
                  ast.LiteralInt(23)[99]
              ast.Assignment(24)
                ast.Name(24)[inner]
                ast.OpExpr(24)[SUB]
                  ast.Dereference(24)
                    ast.Name(24)[inner]
                  ast.LiteralInt(24)[1]
          ast.Assignment(26)
            ast.Name(26)[inner]
            ast.LiteralInt(26)[2]
          ast.Assignment(27)
            ast.Name(27)[outer]
            ast.OpExpr(27)[SUB]
              ast.Dereference(27)
                ast.Name(27)[outer]
              ast.LiteralInt(27)[1]
      ast.Assignment(30)
        ast.Name(30)[inner]
        ast.LiteralInt(30)[0]
      ast.Assignment(31)
        ast.Name(31)[outer]
        ast.LiteralInt(31)[0]
      ast.Loop(32)
        ast.StatementList(33)
          ast.IfElseBranch(33)
            ast.OpExpr(33)[GE]
              ast.Dereference(33)
                ast.Name(33)[outer]
              ast.LiteralInt(33)[5]
            ast.StatementList(34)
              ast.Break(34)
            ast.StatementList(33)
          ast.Loop(36)
            ast.StatementList(37)
              ast.IfElseBranch(37)
                ast.OpExpr(37)[GE]
                  ast.Dereference(37)
                    ast.Name(37)[inner]
                  ast.LiteralInt(37)[3]
                ast.StatementList(38)
                  ast.Break(38)
                ast.StatementList(37)
              ast.Call(40)[Symbol(printInt)]
                ast.Dereference(40)
                  ast.ArrayAccess(40)
                    ast.Name(40)[x]
                    ast.Dereference(40)
                      ast.Name(40)[outer]
              ast.Assignment(41)
                ast.Name(41)[inner]
                ast.OpExpr(41)[ADD]
                  ast.Dereference(41)
                    ast.Name(41)[inner]
                  ast.LiteralInt(41)[1]
          ast.Call(43)[Symbol(println)]
          ast.Assignment(44)
            ast.Name(44)[inner]
            ast.LiteralInt(44)[0]
          ast.Assignment(45)
            ast.Name(45)[outer]
            ast.OpExpr(45)[ADD]
              ast.Dereference(45)
                ast.Name(45)[outer]
              ast.LiteralInt(45)[1]
      ast.Call(47)[Symbol(printInt)]
        ast.Dereference(47)
          ast.Name(47)[canary_begin]
      ast.Call(48)[Symbol(printInt)]
        ast.Dereference(48)
          ast.Name(48)[canary_end]
