ast.DeclarationList(3)
  ast.FunctionDefinition(3)[Symbol(main), []]
    ast.StatementList(4)
      ast.Call(4)[Symbol(printBool)]
        ast.OpExpr(4)[LOGIC_AND]
          ast.OpExpr(4)[LT]
            ast.LiteralInt(4)[3]
            ast.LiteralInt(4)[5]
          ast.OpExpr(4)[GT]
            ast.LiteralInt(4)[4]
            ast.LiteralInt(4)[2]
      ast.Call(5)[Symbol(println)]
      ast.Call(6)[Symbol(printBool)]
        ast.OpExpr(6)[LOGIC_OR]
          ast.OpExpr(6)[LOGIC_AND]
            ast.OpExpr(6)[LT]
              ast.LiteralInt(6)[3]
              ast.LiteralInt(6)[5]
            ast.OpExpr(6)[LT]
              ast.LiteralInt(6)[2]
              ast.LiteralInt(6)[1]
          ast.OpExpr(6)[LT]
            ast.LiteralInt(6)[1]
            ast.LiteralInt(6)[2]
      ast.Call(7)[Symbol(println)]
      ast.Call(8)[Symbol(printBool)]
        ast.OpExpr(8)[LOGIC_AND]
          ast.OpExpr(8)[LT]
            ast.OpExpr(8)[ADD]
              ast.LiteralInt(8)[1]
              ast.LiteralInt(8)[2]
            ast.LiteralInt(8)[4]
          ast.OpExpr(8)[GT]
            ast.LiteralInt(8)[2]
            ast.LiteralInt(8)[1]
      ast.Call(9)[Symbol(println)]
      ast.Call(10)[Symbol(printBool)]
        ast.OpExpr(10)[LOGIC_OR]
          ast.OpExpr(10)[LOGIC_AND]
            ast.LiteralBool(10)[FALSE]
            ast.LiteralBool(10)[FALSE]
          ast.LiteralBool(10)[FALSE]
      ast.Call(11)[Symbol(println)]
      ast.Call(12)[Symbol(printBool)]
        ast.OpExpr(12)[LOGIC_OR]
          ast.OpExpr(12)[LOGIC_AND]
            ast.LiteralBool(12)[FALSE]
            ast.LiteralBool(12)[FALSE]
          ast.LiteralBool(12)[TRUE]
      ast.Call(13)[Symbol(println)]
      ast.Call(14)[Symbol(printBool)]
        ast.OpExpr(14)[LOGIC_OR]
          ast.OpExpr(14)[LOGIC_AND]
            ast.LiteralBool(14)[FALSE]
            ast.LiteralBool(14)[TRUE]
          ast.LiteralBool(14)[FALSE]
      ast.Call(15)[Symbol(println)]
      ast.Call(16)[Symbol(printBool)]
        ast.OpExpr(16)[LOGIC_OR]
          ast.OpExpr(16)[LOGIC_AND]
            ast.LiteralBool(16)[FALSE]
            ast.LiteralBool(16)[TRUE]
          ast.LiteralBool(16)[TRUE]
      ast.Call(17)[Symbol(println)]
      ast.Call(18)[Symbol(printBool)]
        ast.OpExpr(18)[LOGIC_OR]
          ast.OpExpr(18)[LOGIC_AND]
            ast.LiteralBool(18)[TRUE]
            ast.LiteralBool(18)[FALSE]
          ast.LiteralBool(18)[FALSE]
      ast.Call(19)[Symbol(println)]
      ast.Call(20)[Symbol(printBool)]
        ast.OpExpr(20)[LOGIC_OR]
          ast.OpExpr(20)[LOGIC_AND]
            ast.LiteralBool(20)[TRUE]
            ast.LiteralBool(20)[FALSE]
          ast.LiteralBool(20)[TRUE]
      ast.Call(21)[Symbol(println)]
      ast.Call(22)[Symbol(printBool)]
        ast.OpExpr(22)[LOGIC_OR]
          ast.OpExpr(22)[LOGIC_AND]
            ast.LiteralBool(22)[TRUE]
            ast.LiteralBool(22)[TRUE]
          ast.LiteralBool(22)[FALSE]
      ast.Call(23)[Symbol(println)]
      ast.Call(24)[Symbol(printBool)]
        ast.OpExpr(24)[LOGIC_OR]
          ast.OpExpr(24)[LOGIC_AND]
            ast.LiteralBool(24)[TRUE]
            ast.LiteralBool(24)[TRUE]
          ast.LiteralBool(24)[TRUE]
      ast.Call(25)[Symbol(println)]
      ast.Call(26)[Symbol(printBool)]
        ast.OpExpr(26)[LOGIC_OR]
          ast.LiteralBool(26)[FALSE]
          ast.OpExpr(26)[LOGIC_AND]
            ast.LiteralBool(26)[FALSE]
            ast.LiteralBool(26)[FALSE]
      ast.Call(27)[Symbol(println)]
      ast.Call(28)[Symbol(printBool)]
        ast.OpExpr(28)[LOGIC_OR]
          ast.LiteralBool(28)[FALSE]
          ast.OpExpr(28)[LOGIC_AND]
            ast.LiteralBool(28)[FALSE]
            ast.LiteralBool(28)[TRUE]
      ast.Call(29)[Symbol(println)]
      ast.Call(30)[Symbol(printBool)]
        ast.OpExpr(30)[LOGIC_OR]
          ast.LiteralBool(30)[FALSE]
          ast.OpExpr(30)[LOGIC_AND]
            ast.LiteralBool(30)[TRUE]
            ast.LiteralBool(30)[FALSE]
      ast.Call(31)[Symbol(println)]
      ast.Call(32)[Symbol(printBool)]
        ast.OpExpr(32)[LOGIC_OR]
          ast.LiteralBool(32)[FALSE]
          ast.OpExpr(32)[LOGIC_AND]
            ast.LiteralBool(32)[TRUE]
            ast.LiteralBool(32)[TRUE]
      ast.Call(33)[Symbol(println)]
      ast.Call(34)[Symbol(printBool)]
        ast.OpExpr(34)[LOGIC_OR]
          ast.LiteralBool(34)[TRUE]
          ast.OpExpr(34)[LOGIC_AND]
            ast.LiteralBool(34)[FALSE]
            ast.LiteralBool(34)[FALSE]
      ast.Call(35)[Symbol(println)]
      ast.Call(36)[Symbol(printBool)]
        ast.OpExpr(36)[LOGIC_OR]
          ast.LiteralBool(36)[TRUE]
          ast.OpExpr(36)[LOGIC_AND]
            ast.LiteralBool(36)[FALSE]
            ast.LiteralBool(36)[TRUE]
      ast.Call(37)[Symbol(println)]
      ast.Call(38)[Symbol(printBool)]
        ast.OpExpr(38)[LOGIC_OR]
          ast.LiteralBool(38)[TRUE]
          ast.OpExpr(38)[LOGIC_AND]
            ast.LiteralBool(38)[TRUE]
            ast.LiteralBool(38)[FALSE]
      ast.Call(39)[Symbol(println)]
      ast.Call(40)[Symbol(printBool)]
        ast.OpExpr(40)[LOGIC_OR]
          ast.LiteralBool(40)[TRUE]
          ast.OpExpr(40)[LOGIC_AND]
            ast.LiteralBool(40)[TRUE]
            ast.LiteralBool(40)[TRUE]
      ast.Call(41)[Symbol(println)]
