ast.DeclarationList(3)
  ast.FunctionDefinition(3)[Symbol(main), []]
    ast.StatementList(4)
      ast.VariableDeclaration(4)[Symbol(i)]
      ast.Assignment(5)
        ast.Name(5)[i]
        ast.LiteralInt(5)[0]
      ast.VariableDeclaration(6)[Symbol(a)]
      ast.VariableDeclaration(7)[Symbol(b)]
      ast.Assignment(8)
        ast.Name(8)[a]
        ast.LiteralInt(8)[0]
      ast.Assignment(9)
        ast.Name(9)[b]
        ast.LiteralInt(9)[1]
      ast.Loop(10)
        ast.StatementList(11)
          ast.IfElseBranch(11)
            ast.OpExpr(11)[GE]
              ast.Dereference(11)
                ast.Name(11)[i]
              ast.LiteralInt(11)[10]
            ast.StatementList(12)
              ast.Break(12)
            ast.StatementList(11)
          ast.Call(14)[Symbol(printInt)]
            ast.Dereference(14)
              ast.Name(14)[b]
          ast.Call(15)[Symbol(println)]
          ast.VariableDeclaration(16)[Symbol(c)]
          ast.Assignment(17)
            ast.Name(17)[c]
            ast.OpExpr(17)[ADD]
              ast.Dereference(17)
                ast.Name(17)[a]
              ast.Dereference(17)
                ast.Name(17)[b]
          ast.Assignment(18)
            ast.Name(18)[a]
            ast.Dereference(18)
              ast.Name(18)[b]
          ast.Assignment(19)
            ast.Name(19)[b]
            ast.Dereference(19)
              ast.Name(19)[c]
          ast.Assignment(20)
            ast.Name(20)[i]
            ast.OpExpr(20)[ADD]
              ast.Dereference(20)
                ast.Name(20)[i]
              ast.LiteralInt(20)[1]
