ast.DeclarationList(3)
  ast.FunctionDefinition(3)[Symbol(garble), [Symbol(in), Symbol(in2)]]
    ast.StatementList(4)
      ast.VariableDeclaration(4)[Symbol(tmp)]
      ast.Assignment(5)
        ast.Name(5)[tmp]
        ast.LiteralInt(5)[0]
      ast.VariableDeclaration(6)[Symbol(count)]
      ast.Assignment(7)
        ast.Name(7)[count]
        ast.LiteralInt(7)[0]
      ast.Loop(8)
        ast.StatementList(9)
          ast.IfElseBranch(9)
            ast.OpExpr(9)[LOGIC_AND]
              ast.OpExpr(9)[EQ]
                ast.Dereference(9)
                  ast.Name(9)[in]
                ast.LiteralInt(9)[0]
              ast.OpExpr(9)[EQ]
                ast.Dereference(9)
                  ast.Name(9)[in2]
                ast.LiteralInt(9)[0]
            ast.StatementList(10)
              ast.Break(10)
            ast.StatementList(9)
          ast.VariableDeclaration(12)[Symbol(a)]
          ast.VariableDeclaration(13)[Symbol(b)]
          ast.Assignment(14)
            ast.Name(14)[a]
            ast.OpExpr(14)[SUB]
              ast.Dereference(14)
                ast.Name(14)[in]
              ast.OpExpr(14)[MULT]
                ast.OpExpr(14)[DIV]
                  ast.Dereference(14)
                    ast.Name(14)[in]
                  ast.LiteralInt(14)[2]
                ast.LiteralInt(14)[2]
          ast.Assignment(15)
            ast.Name(15)[b]
            ast.OpExpr(15)[SUB]
              ast.Dereference(15)
                ast.Name(15)[in2]
              ast.OpExpr(15)[MULT]
                ast.OpExpr(15)[DIV]
                  ast.Dereference(15)
                    ast.Name(15)[in2]
                  ast.LiteralInt(15)[2]
                ast.LiteralInt(15)[2]
          ast.IfElseBranch(16)
            ast.OpExpr(16)[LOGIC_AND]
              ast.OpExpr(16)[EQ]
                ast.Dereference(16)
                  ast.Name(16)[a]
                ast.LiteralInt(16)[1]
              ast.OpExpr(16)[EQ]
                ast.Dereference(16)
                  ast.Name(16)[b]
                ast.LiteralInt(16)[0]
            ast.StatementList(17)
              ast.Assignment(17)
                ast.Name(17)[tmp]
                ast.OpExpr(17)[ADD]
                  ast.OpExpr(17)[MULT]
                    ast.Dereference(17)
                      ast.Name(17)[tmp]
                    ast.LiteralInt(17)[2]
                  ast.LiteralInt(17)[1]
            ast.StatementList(19)
              ast.IfElseBranch(19)
                ast.OpExpr(19)[LOGIC_AND]
                  ast.OpExpr(19)[EQ]
                    ast.Dereference(19)
                      ast.Name(19)[a]
                    ast.LiteralInt(19)[0]
                  ast.OpExpr(19)[EQ]
                    ast.Dereference(19)
                      ast.Name(19)[b]
                    ast.LiteralInt(19)[1]
                ast.StatementList(20)
                  ast.Assignment(20)
                    ast.Name(20)[tmp]
                    ast.OpExpr(20)[ADD]
                      ast.OpExpr(20)[MULT]
                        ast.Dereference(20)
                          ast.Name(20)[tmp]
                        ast.LiteralInt(20)[2]
                      ast.LiteralInt(20)[1]
                ast.StatementList(22)
                  ast.Assignment(22)
                    ast.Name(22)[tmp]
                    ast.OpExpr(22)[MULT]
                      ast.Dereference(22)
                        ast.Name(22)[tmp]
                      ast.LiteralInt(22)[2]
          ast.Assignment(25)
            ast.Name(25)[in]
            ast.OpExpr(25)[DIV]
              ast.Dereference(25)
                ast.Name(25)[in]
              ast.LiteralInt(25)[2]
          ast.Assignment(26)
            ast.Name(26)[in2]
            ast.OpExpr(26)[DIV]
              ast.Dereference(26)
                ast.Name(26)[in2]
              ast.LiteralInt(26)[2]
          ast.Assignment(27)
            ast.Name(27)[count]
            ast.OpExpr(27)[ADD]
              ast.Dereference(27)
                ast.Name(27)[count]
              ast.LiteralInt(27)[1]
      ast.VariableDeclaration(29)[Symbol(out)]
      ast.Assignment(30)
        ast.Name(30)[out]
        ast.LiteralInt(30)[0]
      ast.Loop(31)
        ast.StatementList(32)
          ast.IfElseBranch(32)
            ast.OpExpr(32)[EQ]
              ast.Dereference(32)
                ast.Name(32)[count]
              ast.LiteralInt(32)[0]
            ast.StatementList(33)
              ast.Break(33)
            ast.StatementList(32)
          ast.Assignment(35)
            ast.Name(35)[out]
            ast.OpExpr(35)[ADD]
              ast.OpExpr(35)[MULT]
                ast.Dereference(35)
                  ast.Name(35)[out]
                ast.LiteralInt(35)[2]
              ast.OpExpr(35)[SUB]
                ast.Dereference(35)
                  ast.Name(35)[tmp]
                ast.OpExpr(35)[MULT]
                  ast.OpExpr(35)[DIV]
                    ast.Dereference(35)
                      ast.Name(35)[tmp]
                    ast.LiteralInt(35)[2]
                  ast.LiteralInt(35)[2]
          ast.Assignment(36)
            ast.Name(36)[tmp]
            ast.OpExpr(36)[DIV]
              ast.Dereference(36)
                ast.Name(36)[tmp]
              ast.LiteralInt(36)[2]
          ast.Assignment(37)
            ast.Name(37)[count]
            ast.OpExpr(37)[SUB]
              ast.Dereference(37)
                ast.Name(37)[count]
              ast.LiteralInt(37)[1]
      ast.Return(39)
        ast.Dereference(39)
          ast.Name(39)[out]
  ast.FunctionDefinition(42)[Symbol(main), []]
    ast.StatementList(43)
      ast.VariableDeclaration(43)[Symbol(i)]
      ast.Assignment(44)
        ast.Name(44)[i]
        ast.LiteralInt(44)[0]
      ast.Loop(45)
        ast.StatementList(46)
          ast.IfElseBranch(46)
            ast.OpExpr(46)[GE]
              ast.Dereference(46)
                ast.Name(46)[i]
              ast.LiteralInt(46)[40]
            ast.StatementList(47)
              ast.Break(47)
            ast.StatementList(46)
          ast.VariableDeclaration(49)[Symbol(tmp)]
          ast.Assignment(50)
            ast.Name(50)[tmp]
            ast.Call(50)[Symbol(readChar)]
          ast.Call(51)[Symbol(printChar)]
            ast.Call(51)[Symbol(garble)]
              ast.Dereference(51)
                ast.Name(51)[tmp]
              ast.OpExpr(51)[ADD]
                ast.LiteralInt(51)[7]
                ast.Dereference(51)
                  ast.Name(51)[i]
          ast.Assignment(52)
            ast.Name(52)[i]
            ast.OpExpr(52)[ADD]
              ast.Dereference(52)
                ast.Name(52)[i]
              ast.LiteralInt(52)[1]
