ast.DeclarationList(3)
  ast.FunctionDefinition(3)[Symbol(main), []]
    ast.StatementList(4)
      ast.Call(4)[Symbol(printInt)]
        ast.LiteralInt(4)[42]
