ast.DeclarationList(3)
  ast.FunctionDefinition(3)[Symbol(foo), []]
    ast.StatementList(4)
      ast.Call(4)[Symbol(printInt)]
        ast.LiteralInt(4)[5]
  ast.FunctionDefinition(7)[Symbol(main), []]
    ast.StatementList(8)
      ast.Call(8)[Symbol(foo)]
