ast.DeclarationList(3)
  ast.FunctionDefinition(3)[Symbol(test), [Symbol(a), Symbol(b)]]
    ast.StatementList(4)
      ast.Call(4)[Symbol(printInt)]
        ast.OpExpr(4)[ADD]
          ast.Dereference(4)
            ast.Name(4)[a]
          ast.Dereference(4)
            ast.Name(4)[b]
      ast.Call(5)[Symbol(println)]
      ast.Call(6)[Symbol(printInt)]
        ast.OpExpr(6)[SUB]
          ast.Dereference(6)
            ast.Name(6)[a]
          ast.Dereference(6)
            ast.Name(6)[b]
      ast.Call(7)[Symbol(println)]
      ast.Call(8)[Symbol(printInt)]
        ast.OpExpr(8)[MULT]
          ast.Dereference(8)
            ast.Name(8)[a]
          ast.Dereference(8)
            ast.Name(8)[b]
      ast.Call(9)[Symbol(println)]
      ast.IfElseBranch(10)
        ast.OpExpr(10)[NE]
          ast.Dereference(10)
            ast.Name(10)[b]
          ast.LiteralInt(10)[0]
        ast.StatementList(11)
          ast.Call(11)[Symbol(printInt)]
            ast.OpExpr(11)[DIV]
              ast.Dereference(11)
                ast.Name(11)[a]
              ast.Dereference(11)
                ast.Name(11)[b]
          ast.Call(12)[Symbol(println)]
        ast.StatementList(14)
          ast.Call(14)[Symbol(println)]
  ast.FunctionDefinition(18)[Symbol(main), []]
    ast.StatementList(19)
      ast.VariableDeclaration(19)[Symbol(i)]
      ast.VariableDeclaration(20)[Symbol(j)]
      ast.Assignment(21)
        ast.Name(21)[i]
        ast.LiteralInt(21)[0]
      ast.Loop(22)
        ast.StatementList(23)
          ast.IfElseBranch(23)
            ast.OpExpr(23)[GT]
              ast.Dereference(23)
                ast.Name(23)[i]
              ast.LiteralInt(23)[10]
            ast.StatementList(24)
              ast.Break(24)
            ast.StatementList(23)
          ast.Assignment(26)
            ast.Name(26)[j]
            ast.LiteralInt(26)[0]
          ast.Loop(27)
            ast.StatementList(28)
              ast.IfElseBranch(28)
                ast.OpExpr(28)[GT]
                  ast.Dereference(28)
                    ast.Name(28)[j]
                  ast.LiteralInt(28)[10]
                ast.StatementList(29)
                  ast.Break(29)
                ast.StatementList(28)
              ast.Call(31)[Symbol(test)]
                ast.Dereference(31)
                  ast.Name(31)[i]
                ast.Dereference(31)
                  ast.Name(31)[j]
              ast.Assignment(32)
                ast.Name(32)[j]
                ast.OpExpr(32)[ADD]
                  ast.Dereference(32)
                    ast.Name(32)[j]
                  ast.LiteralInt(32)[1]
          ast.Assignment(34)
            ast.Name(34)[i]
            ast.OpExpr(34)[ADD]
              ast.Dereference(34)
                ast.Name(34)[i]
              ast.LiteralInt(34)[1]
