ast.DeclarationList(3)
  ast.FunctionDefinition(3)[Symbol(main), []]
    ast.StatementList(4)
      ast.VariableDeclaration(4)[Symbol(a)]
      ast.Assignment(5)
        ast.Name(5)[a]
        ast.LiteralInt(5)[0]
      ast.VariableDeclaration(6)[Symbol(b)]
      ast.Assignment(7)
        ast.Name(7)[b]
        ast.LiteralInt(7)[0]
      ast.Loop(8)
        ast.StatementList(9)
          ast.IfElseBranch(9)
            ast.OpExpr(9)[GE]
              ast.Dereference(9)
                ast.Name(9)[a]
              ast.LiteralInt(9)[3]
            ast.StatementList(10)
              ast.Break(10)
            ast.StatementList(9)
          ast.IfElseBranch(12)
            ast.LiteralBool(12)[TRUE]
            ast.StatementList(13)
              ast.IfElseBranch(13)
                ast.LiteralBool(13)[TRUE]
                ast.StatementList(14)
                  ast.Loop(14)
                    ast.StatementList(15)
                      ast.IfElseBranch(15)
                        ast.OpExpr(15)[GE]
                          ast.Dereference(15)
                            ast.Name(15)[b]
                          ast.LiteralInt(15)[3]
                        ast.StatementList(16)
                          ast.Break(16)
                        ast.StatementList(15)
                      ast.Call(18)[Symbol(printInt)]
                        ast.LiteralInt(18)[5]
                      ast.Assignment(19)
                        ast.Name(19)[b]
                        ast.OpExpr(19)[ADD]
                          ast.Dereference(19)
                            ast.Name(19)[b]
                          ast.LiteralInt(19)[1]
                ast.StatementList(22)
                  ast.Call(22)[Symbol(printInt)]
                    ast.LiteralInt(22)[5]
            ast.StatementList(12)
          ast.Call(25)[Symbol(printInt)]
            ast.LiteralInt(25)[5]
          ast.Assignment(26)
            ast.Name(26)[a]
            ast.OpExpr(26)[ADD]
              ast.Dereference(26)
                ast.Name(26)[a]
              ast.LiteralInt(26)[1]
      ast.Call(28)[Symbol(printInt)]
        ast.LiteralInt(28)[5]
