ast.DeclarationList(3)
  ast.FunctionDefinition(3)[Symbol(main), []]
    ast.StatementList(4)
      ast.Call(4)[Symbol(printInt)]
        ast.OpExpr(4)[ADD]
          ast.OpExpr(4)[MULT]
            ast.LiteralInt(4)[3]
            ast.LiteralInt(4)[5]
          ast.LiteralInt(4)[7]
      ast.Call(5)[Symbol(println)]
      ast.Call(6)[Symbol(printInt)]
        ast.OpExpr(6)[ADD]
          ast.LiteralInt(6)[3]
          ast.OpExpr(6)[MULT]
            ast.LiteralInt(6)[5]
            ast.LiteralInt(6)[7]
      ast.Call(7)[Symbol(println)]
      ast.Call(8)[Symbol(printInt)]
        ast.OpExpr(8)[SUB]
          ast.OpExpr(8)[ADD]
            ast.LiteralInt(8)[3]
            ast.LiteralInt(8)[5]
          ast.LiteralInt(8)[7]
      ast.Call(9)[Symbol(println)]
      ast.Call(10)[Symbol(printInt)]
        ast.OpExpr(10)[ADD]
          ast.OpExpr(10)[SUB]
            ast.LiteralInt(10)[3]
            ast.LiteralInt(10)[5]
          ast.LiteralInt(10)[7]
      ast.Call(11)[Symbol(println)]
      ast.Call(12)[Symbol(printInt)]
        ast.OpExpr(12)[ADD]
          ast.OpExpr(12)[DIV]
            ast.LiteralInt(12)[3]
            ast.LiteralInt(12)[5]
          ast.LiteralInt(12)[7]
      ast.Call(13)[Symbol(println)]
      ast.Call(14)[Symbol(printInt)]
        ast.OpExpr(14)[MULT]
          ast.OpExpr(14)[DIV]
            ast.LiteralInt(14)[3]
            ast.LiteralInt(14)[5]
          ast.LiteralInt(14)[7]
      ast.Call(15)[Symbol(println)]
      ast.Call(16)[Symbol(printInt)]
        ast.OpExpr(16)[ADD]
          ast.LiteralInt(16)[3]
          ast.OpExpr(16)[DIV]
            ast.LiteralInt(16)[5]
            ast.LiteralInt(16)[7]
      ast.Call(17)[Symbol(println)]
      ast.Call(18)[Symbol(printInt)]
        ast.OpExpr(18)[MULT]
          ast.OpExpr(18)[ADD]
            ast.LiteralInt(18)[3]
            ast.LiteralInt(18)[5]
          ast.LiteralInt(18)[7]
      ast.Call(19)[Symbol(println)]
      ast.Call(20)[Symbol(printInt)]
        ast.OpExpr(20)[ADD]
          ast.OpExpr(20)[SUB]
            ast.LiteralInt(20)[3]
            ast.LiteralInt(20)[5]
          ast.LiteralInt(20)[7]
      ast.Call(21)[Symbol(println)]
      ast.Call(22)[Symbol(printInt)]
        ast.OpExpr(22)[ADD]
          ast.OpExpr(22)[MULT]
            ast.LiteralInt(22)[2]
            ast.LiteralInt(22)[3]
          ast.OpExpr(22)[DIV]
            ast.LiteralInt(22)[10]
            ast.LiteralInt(22)[2]
      ast.Call(23)[Symbol(println)]
      ast.Call(24)[Symbol(printInt)]
        ast.OpExpr(24)[ADD]
          ast.OpExpr(24)[SUB]
            ast.LiteralInt(24)[5]
            ast.LiteralInt(24)[3]
          ast.LiteralInt(24)[2]
      ast.Call(25)[Symbol(println)]
