ast.DeclarationList(3)
  ast.ArrayDeclaration(3)[Symbol(a)]
  ast.FunctionDefinition(5)[Symbol(test), []]
    ast.StatementList(6)
      ast.Assignment(6)
        ast.ArrayAccess(6)
          ast.Name(6)[a]
          ast.LiteralInt(6)[1]
        ast.LiteralInt(6)[0]
      ast.Return(7)
        ast.LiteralInt(7)[2]
  ast.FunctionDefinition(10)[Symbol(main), []]
    ast.StatementList(11)
      ast.Assignment(11)
        ast.ArrayAccess(11)
          ast.Name(11)[a]
          ast.LiteralInt(11)[0]
        ast.LiteralInt(11)[1]
      ast.Assignment(12)
        ast.ArrayAccess(12)
          ast.Name(12)[a]
          ast.LiteralInt(12)[1]
        ast.LiteralInt(12)[2]
      ast.Assignment(13)
        ast.ArrayAccess(13)
          ast.Name(13)[a]
          ast.LiteralInt(13)[2]
        ast.LiteralInt(13)[3]
      ast.Assignment(14)
        ast.ArrayAccess(14)
          ast.Name(14)[a]
          ast.Dereference(14)
            ast.ArrayAccess(14)
              ast.Name(14)[a]
              ast.LiteralInt(14)[1]
        ast.OpExpr(14)[ADD]
          ast.Dereference(14)
            ast.ArrayAccess(14)
              ast.Name(14)[a]
              ast.LiteralInt(14)[1]
          ast.Call(14)[Symbol(test)]
      ast.Call(15)[Symbol(printInt)]
        ast.Dereference(15)
          ast.ArrayAccess(15)
            ast.Name(15)[a]
            ast.LiteralInt(15)[0]
      ast.Call(16)[Symbol(println)]
      ast.Call(17)[Symbol(printInt)]
        ast.Dereference(17)
          ast.ArrayAccess(17)
            ast.Name(17)[a]
            ast.LiteralInt(17)[1]
      ast.Call(18)[Symbol(println)]
      ast.Call(19)[Symbol(printInt)]
        ast.Dereference(19)
          ast.ArrayAccess(19)
            ast.Name(19)[a]
            ast.LiteralInt(19)[2]
      ast.Call(20)[Symbol(println)]
