Crux Program has no type errors.
ast.DeclarationList(3)
  ast.FunctionDefinition(3)[Symbol(main:func(TypeList()):void), []]
    ast.StatementList(4)
      ast.VariableDeclaration(4)[Symbol(a:int)]
      void: ast.Assignment(5)
        Address(int): ast.Name(5)[a]
        int: ast.LiteralInt(5)[0]
      ast.Loop(6)
        ast.StatementList(7)
          ast.IfElseBranch(7)
            bool: ast.OpExpr(7)[GE]
              int: ast.Dereference(7)
                Address(int): ast.Name(7)[a]
              int: ast.LiteralInt(7)[3]
            ast.StatementList(8)
              ast.Break(8)
            ast.StatementList(7)
          void: ast.Call(10)[Symbol(printInt)]
            int: ast.Dereference(10)
              Address(int): ast.Name(10)[a]
          void: ast.Call(11)[Symbol(println)]
          void: ast.Assignment(12)
            Address(int): ast.Name(12)[a]
            int: ast.OpExpr(12)[ADD]
              int: ast.Dereference(12)
                Address(int): ast.Name(12)[a]
              int: ast.LiteralInt(12)[1]
